/REMOVE:x86\Debug\_invalid_parameter_handler.obj
/REMOVE:x86\Debug\_set_invalid_parameter_handler.obj
/REMOVE:x86\Debug\_assert.obj
/REMOVE:x86\Debug\_wassert.obj
/REMOVE:x86\Debug\isalnum.obj
/REMOVE:x86\Debug\isalpha.obj
/REMOVE:x86\Debug\iscntrl.obj
/REMOVE:x86\Debug\isdigit.obj
/REMOVE:x86\Debug\isgraph.obj
/REMOVE:x86\Debug\islower.obj
/REMOVE:x86\Debug\isprint.obj
/REMOVE:x86\Debug\ispunct.obj
/REMOVE:x86\Debug\isspace.obj
/REMOVE:x86\Debug\isupper.obj
/REMOVE:x86\Debug\isxdigit.obj
/REMOVE:x86\Debug\tolower.obj
/REMOVE:x86\Debug\toupper.obj
/REMOVE:x86\Debug\errno.obj
/REMOVE:x86\Debug\strtoimax.obj
/REMOVE:x86\Debug\strtoumax.obj
/REMOVE:x86\Debug\wcstoimax.obj
/REMOVE:x86\Debug\wcstoumax.obj
/REMOVE:x86\Debug\localeconv.obj
/REMOVE:x86\Debug\setlocale.obj
/REMOVE:x86\Debug\acos.obj
/REMOVE:x86\Debug\asin.obj
/REMOVE:x86\Debug\atan2.obj
/REMOVE:x86\Debug\atan.obj
/REMOVE:x86\Debug\ceil.obj
/REMOVE:x86\Debug\cos.obj
/REMOVE:x86\Debug\cosh.obj
/REMOVE:x86\Debug\exp.obj
/REMOVE:x86\Debug\fabs.obj
/REMOVE:x86\Debug\floor.obj
/REMOVE:x86\Debug\fmod.obj
/REMOVE:x86\Debug\frexp.obj
/REMOVE:x86\Debug\ldexp.obj
/REMOVE:x86\Debug\log10.obj
/REMOVE:x86\Debug\log.obj
/REMOVE:x86\Debug\modf.obj
/REMOVE:x86\Debug\pow.obj
/REMOVE:x86\Debug\sin.obj
/REMOVE:x86\Debug\sinh.obj
/REMOVE:x86\Debug\sqrt.obj
/REMOVE:x86\Debug\tan.obj
/REMOVE:x86\Debug\tanh.obj
/REMOVE:x86\Debug\_getmbcp.obj
/REMOVE:x86\Debug\_setmbcp.obj
/REMOVE:x86\Debug\raise.obj
/REMOVE:x86\Debug\signal.obj
/REMOVE:x86\Debug\clearerr.obj
/REMOVE:x86\Debug\Fclose.obj
/REMOVE:x86\Debug\Feof.obj
/REMOVE:x86\Debug\Ferror.obj
/REMOVE:x86\Debug\Fflush.obj
/REMOVE:x86\Debug\Fgetc.obj
/REMOVE:x86\Debug\Fgetpos.obj
/REMOVE:x86\Debug\Fgets.obj
/REMOVE:x86\Debug\Fopen.obj
/REMOVE:x86\Debug\Fprintf.obj
/REMOVE:x86\Debug\Fputc.obj
/REMOVE:x86\Debug\Fputs.obj
/REMOVE:x86\Debug\Fread.obj
/REMOVE:x86\Debug\Freopen.obj
/REMOVE:x86\Debug\Fscanf.obj
/REMOVE:x86\Debug\Fseek.obj
/REMOVE:x86\Debug\Fsetpos.obj
/REMOVE:x86\Debug\Ftell.obj
/REMOVE:x86\Debug\Fwrite.obj
/REMOVE:x86\Debug\Getc.obj
/REMOVE:x86\Debug\Getchar.obj
/REMOVE:x86\Debug\Gets.obj
/REMOVE:x86\Debug\Perror.obj
/REMOVE:x86\Debug\Printf.obj
/REMOVE:x86\Debug\Putc.obj
/REMOVE:x86\Debug\Putchar.obj
/REMOVE:x86\Debug\Puts.obj
/REMOVE:x86\Debug\Remove.obj
/REMOVE:x86\Debug\Rename.obj
/REMOVE:x86\Debug\Rewind.obj
/REMOVE:x86\Debug\Scanf.obj
/REMOVE:x86\Debug\Setbuf.obj
/REMOVE:x86\Debug\Setvbuf.obj
/REMOVE:x86\Debug\Snprintf.obj
/REMOVE:x86\Debug\Sprintf.obj
/REMOVE:x86\Debug\Sscanf.obj
/REMOVE:x86\Debug\Tmpfile.obj
/REMOVE:x86\Debug\Tmpnam.obj
/REMOVE:x86\Debug\Ungetc.obj
/REMOVE:x86\Debug\Vfprintf.obj
/REMOVE:x86\Debug\Vfscanf.obj
/REMOVE:x86\Debug\Vprintf.obj
/REMOVE:x86\Debug\Vscanf.obj
/REMOVE:x86\Debug\Vsnprintf.obj
/REMOVE:x86\Debug\Vsnwprintf.obj
/REMOVE:x86\Debug\Vsprintf.obj
/REMOVE:x86\Debug\Vsscanf.obj
/REMOVE:x86\Debug\abort.obj
/REMOVE:x86\Debug\Abs.obj
/REMOVE:x86\Debug\atexit.obj
/REMOVE:x86\Debug\atoi.obj
/REMOVE:x86\Debug\atol.obj
/REMOVE:x86\Debug\Calloc.obj
/REMOVE:x86\Debug\Div.obj
/REMOVE:x86\Debug\exit.obj
/REMOVE:x86\Debug\Free.obj
/REMOVE:x86\Debug\getenv.obj
/REMOVE:x86\Debug\Labs.obj
/REMOVE:x86\Debug\Ldiv.obj
/REMOVE:x86\Debug\Malloc.obj
/REMOVE:x86\Debug\mblen.obj
/REMOVE:x86\Debug\mbstowcs.obj
/REMOVE:x86\Debug\mbtowc.obj
/REMOVE:x86\Debug\Qsort.obj
/REMOVE:x86\Debug\rand.obj
/REMOVE:x86\Debug\_exit.obj
/REMOVE:x86\Debug\Realloc.obj
/REMOVE:x86\Debug\srand.obj
/REMOVE:x86\Debug\strtol.obj
/REMOVE:x86\Debug\strtoll.obj
/REMOVE:x86\Debug\strtoul.obj
/REMOVE:x86\Debug\strtoull.obj
/REMOVE:x86\Debug\system.obj
/REMOVE:x86\Debug\wcstombs.obj
/REMOVE:x86\Debug\wctomb.obj
/REMOVE:x86\Debug\_i64toa.obj
/REMOVE:x86\Debug\_i64tow.obj
/REMOVE:x86\Debug\_itoa.obj
/REMOVE:x86\Debug\_itow.obj
/REMOVE:x86\Debug\_ltoa.obj
/REMOVE:x86\Debug\_ltow.obj
/REMOVE:x86\Debug\_ui64toa.obj
/REMOVE:x86\Debug\_ui64tow.obj
/REMOVE:x86\Debug\_ultoa.obj
/REMOVE:x86\Debug\_ultow.obj
/REMOVE:x86\Debug\MemChr.obj
/REMOVE:x86\Debug\MemCpy.obj
/REMOVE:x86\Debug\MemMove.obj
/REMOVE:x86\Debug\StrCat.obj
/REMOVE:x86\Debug\StrChr.obj
/REMOVE:x86\Debug\StrCmp.obj
/REMOVE:x86\Debug\StrColl.obj
/REMOVE:x86\Debug\StrCpy.obj
/REMOVE:x86\Debug\StrCSpn.obj
/REMOVE:x86\Debug\StrError.obj
/REMOVE:x86\Debug\StrLen.obj
/REMOVE:x86\Debug\StrNCat.obj
/REMOVE:x86\Debug\StrNCmp.obj
/REMOVE:x86\Debug\StrNCpy.obj
/REMOVE:x86\Debug\StrNLen.obj
/REMOVE:x86\Debug\StrPbrk.obj
/REMOVE:x86\Debug\StrRChr.obj
/REMOVE:x86\Debug\StrSpn.obj
/REMOVE:x86\Debug\StrStr.obj
/REMOVE:x86\Debug\StrTok.obj
/REMOVE:x86\Debug\Strxfrm.obj
/REMOVE:x86\Debug\_StrDup.obj
/REMOVE:x86\Debug\_StrICmp.obj
/REMOVE:x86\Debug\_StrNICmp.obj
/REMOVE:x86\Debug\asctime.obj
/REMOVE:x86\Debug\clock.obj
/REMOVE:x86\Debug\ctime.obj
/REMOVE:x86\Debug\difftime.obj
/REMOVE:x86\Debug\gmtime.obj
/REMOVE:x86\Debug\localtime.obj
/REMOVE:x86\Debug\mktime.obj
/REMOVE:x86\Debug\strftime.obj
/REMOVE:x86\Debug\time.obj
/REMOVE:x86\Debug\btowc.obj
/REMOVE:x86\Debug\Fgetwc.obj
/REMOVE:x86\Debug\Fgetws.obj
/REMOVE:x86\Debug\Fputwc.obj
/REMOVE:x86\Debug\Fputws.obj
/REMOVE:x86\Debug\Fwide.obj
/REMOVE:x86\Debug\Fwprintf.obj
/REMOVE:x86\Debug\Fwscanf.obj
/REMOVE:x86\Debug\Getwc.obj
/REMOVE:x86\Debug\Getwchar.obj
/REMOVE:x86\Debug\mbrlen.obj
/REMOVE:x86\Debug\mbrtowc.obj
/REMOVE:x86\Debug\mbsinit.obj
/REMOVE:x86\Debug\mbsrtowcs.obj
/REMOVE:x86\Debug\Putwc.obj
/REMOVE:x86\Debug\Putwchar.obj
/REMOVE:x86\Debug\Swprintf.obj
/REMOVE:x86\Debug\Swscanf.obj
/REMOVE:x86\Debug\Ungetwc.obj
/REMOVE:x86\Debug\Vfwprintf.obj
/REMOVE:x86\Debug\Vfwscanf.obj
/REMOVE:x86\Debug\Vswprintf.obj
/REMOVE:x86\Debug\Vswscanf.obj
/REMOVE:x86\Debug\Vwprintf.obj
/REMOVE:x86\Debug\wcrtomb.obj
/REMOVE:x86\Debug\WcsCat.obj
/REMOVE:x86\Debug\WcsChr.obj
/REMOVE:x86\Debug\WcsCmp.obj
/REMOVE:x86\Debug\WcsColl.obj
/REMOVE:x86\Debug\WcsCpy.obj
/REMOVE:x86\Debug\WcsCSpn.obj
/REMOVE:x86\Debug\wcsftime.obj
/REMOVE:x86\Debug\WcsLen.obj
/REMOVE:x86\Debug\WcsNCat.obj
/REMOVE:x86\Debug\WcsNCmp.obj
/REMOVE:x86\Debug\WcsNCpy.obj
/REMOVE:x86\Debug\WcsNLen.obj
/REMOVE:x86\Debug\WcsPbrk.obj
/REMOVE:x86\Debug\WcsRChr.obj
/REMOVE:x86\Debug\wcsrtombs.obj
/REMOVE:x86\Debug\WcsSpn.obj
/REMOVE:x86\Debug\WcsStr.obj
/REMOVE:x86\Debug\WcsTok.obj
/REMOVE:x86\Debug\Wcstol.obj
/REMOVE:x86\Debug\Wcstoll.obj
/REMOVE:x86\Debug\Wcstoul.obj
/REMOVE:x86\Debug\Wcstoull.obj
/REMOVE:x86\Debug\Wcsxfrm.obj
/REMOVE:x86\Debug\wctob.obj
/REMOVE:x86\Debug\WMemChr.obj
/REMOVE:x86\Debug\WMemCmp.obj
/REMOVE:x86\Debug\WMemCpy.obj
/REMOVE:x86\Debug\WMemMove.obj
/REMOVE:x86\Debug\WMemSet.obj
/REMOVE:x86\Debug\Wprintf.obj
/REMOVE:x86\Debug\wscanf.obj
/REMOVE:x86\Debug\_WcsDup.obj
/REMOVE:x86\Debug\_WcsEfiError.obj
/REMOVE:x86\Debug\_WcsICmp.obj
/REMOVE:x86\Debug\_WcsNICmp.obj
/REMOVE:x86\Debug\iswalnum.obj
/REMOVE:x86\Debug\iswalpha.obj
/REMOVE:x86\Debug\iswblank.obj
/REMOVE:x86\Debug\iswcntrl.obj
/REMOVE:x86\Debug\iswctype.obj
/REMOVE:x86\Debug\iswdigit.obj
/REMOVE:x86\Debug\iswgraph.obj
/REMOVE:x86\Debug\iswlower.obj
/REMOVE:x86\Debug\iswprint.obj
/REMOVE:x86\Debug\iswpunct.obj
/REMOVE:x86\Debug\iswspace.obj
/REMOVE:x86\Debug\iswupper.obj
/REMOVE:x86\Debug\iswxdigit.obj
/REMOVE:x86\Debug\towctrans.obj
/REMOVE:x86\Debug\towlower.obj
/REMOVE:x86\Debug\towupper.obj
/REMOVE:x86\Debug\wctrans.obj
/REMOVE:x86\Debug\wctype.obj
/REMOVE:x86\Debug\_wcproperty.obj
