/REMOVE:x64\Debug\_invalid_parameter_handler.obj
/REMOVE:x64\Debug\_set_invalid_parameter_handler.obj
/REMOVE:x64\Debug\_assert.obj
/REMOVE:x64\Debug\_wassert.obj
/REMOVE:x64\Debug\isalnum.obj
/REMOVE:x64\Debug\isalpha.obj
/REMOVE:x64\Debug\iscntrl.obj
/REMOVE:x64\Debug\isdigit.obj
/REMOVE:x64\Debug\isgraph.obj
/REMOVE:x64\Debug\islower.obj
/REMOVE:x64\Debug\isprint.obj
/REMOVE:x64\Debug\ispunct.obj
/REMOVE:x64\Debug\isspace.obj
/REMOVE:x64\Debug\isupper.obj
/REMOVE:x64\Debug\isxdigit.obj
/REMOVE:x64\Debug\tolower.obj
/REMOVE:x64\Debug\toupper.obj
/REMOVE:x64\Debug\errno.obj
/REMOVE:x64\Debug\strtoimax.obj
/REMOVE:x64\Debug\strtoumax.obj
/REMOVE:x64\Debug\wcstoimax.obj
/REMOVE:x64\Debug\wcstoumax.obj
/REMOVE:x64\Debug\localeconv.obj
/REMOVE:x64\Debug\setlocale.obj
/REMOVE:x64\Debug\_getmbcp.obj
/REMOVE:x64\Debug\_setmbcp.obj
/REMOVE:x64\Debug\raise.obj
/REMOVE:x64\Debug\signal.obj
/REMOVE:x64\Debug\clearerr.obj
/REMOVE:x64\Debug\Fclose.obj
/REMOVE:x64\Debug\Feof.obj
/REMOVE:x64\Debug\Ferror.obj
/REMOVE:x64\Debug\Fflush.obj
/REMOVE:x64\Debug\Fgetc.obj
/REMOVE:x64\Debug\Fgetpos.obj
/REMOVE:x64\Debug\Fgets.obj
/REMOVE:x64\Debug\Fopen.obj
/REMOVE:x64\Debug\Fprintf.obj
/REMOVE:x64\Debug\Fputc.obj
/REMOVE:x64\Debug\Fputs.obj
/REMOVE:x64\Debug\Fread.obj
/REMOVE:x64\Debug\Freopen.obj
/REMOVE:x64\Debug\Fscanf.obj
/REMOVE:x64\Debug\Fseek.obj
/REMOVE:x64\Debug\Fsetpos.obj
/REMOVE:x64\Debug\Ftell.obj
/REMOVE:x64\Debug\Fwrite.obj
/REMOVE:x64\Debug\Getc.obj
/REMOVE:x64\Debug\Getchar.obj
/REMOVE:x64\Debug\Gets.obj
/REMOVE:x64\Debug\Perror.obj
/REMOVE:x64\Debug\Printf.obj
/REMOVE:x64\Debug\Putc.obj
/REMOVE:x64\Debug\Putchar.obj
/REMOVE:x64\Debug\Puts.obj
/REMOVE:x64\Debug\Remove.obj
/REMOVE:x64\Debug\Rename.obj
/REMOVE:x64\Debug\Rewind.obj
/REMOVE:x64\Debug\Scanf.obj
/REMOVE:x64\Debug\Setbuf.obj
/REMOVE:x64\Debug\Setvbuf.obj
/REMOVE:x64\Debug\Snprintf.obj
/REMOVE:x64\Debug\Sprintf.obj
/REMOVE:x64\Debug\Sscanf.obj
/REMOVE:x64\Debug\Tmpfile.obj
/REMOVE:x64\Debug\Tmpnam.obj
/REMOVE:x64\Debug\Ungetc.obj
/REMOVE:x64\Debug\Vfprintf.obj
/REMOVE:x64\Debug\Vfscanf.obj
/REMOVE:x64\Debug\Vprintf.obj
/REMOVE:x64\Debug\Vscanf.obj
/REMOVE:x64\Debug\Vsnprintf.obj
/REMOVE:x64\Debug\Vsnwprintf.obj
/REMOVE:x64\Debug\Vsprintf.obj
/REMOVE:x64\Debug\Vsscanf.obj
/REMOVE:x64\Debug\abort.obj
/REMOVE:x64\Debug\Abs.obj
/REMOVE:x64\Debug\atexit.obj
/REMOVE:x64\Debug\atoi.obj
/REMOVE:x64\Debug\atol.obj
/REMOVE:x64\Debug\Calloc.obj
/REMOVE:x64\Debug\Div.obj
/REMOVE:x64\Debug\exit.obj
/REMOVE:x64\Debug\Free.obj
/REMOVE:x64\Debug\getenv.obj
/REMOVE:x64\Debug\Labs.obj
/REMOVE:x64\Debug\Ldiv.obj
/REMOVE:x64\Debug\Malloc.obj
/REMOVE:x64\Debug\mblen.obj
/REMOVE:x64\Debug\mbstowcs.obj
/REMOVE:x64\Debug\mbtowc.obj
/REMOVE:x64\Debug\Qsort.obj
/REMOVE:x64\Debug\rand.obj
/REMOVE:x64\Debug\_exit.obj
/REMOVE:x64\Debug\Realloc.obj
/REMOVE:x64\Debug\srand.obj
/REMOVE:x64\Debug\strtol.obj
/REMOVE:x64\Debug\strtoll.obj
/REMOVE:x64\Debug\strtoul.obj
/REMOVE:x64\Debug\strtoull.obj
/REMOVE:x64\Debug\system.obj
/REMOVE:x64\Debug\wcstombs.obj
/REMOVE:x64\Debug\wctomb.obj
/REMOVE:x64\Debug\_i64toa.obj
/REMOVE:x64\Debug\_i64tow.obj
/REMOVE:x64\Debug\_itoa.obj
/REMOVE:x64\Debug\_itow.obj
/REMOVE:x64\Debug\_ltoa.obj
/REMOVE:x64\Debug\_ltow.obj
/REMOVE:x64\Debug\_ui64toa.obj
/REMOVE:x64\Debug\_ui64tow.obj
/REMOVE:x64\Debug\_ultoa.obj
/REMOVE:x64\Debug\_ultow.obj
/REMOVE:x64\Debug\MemChr.obj
/REMOVE:x64\Debug\MemCpy.obj
/REMOVE:x64\Debug\MemMove.obj
/REMOVE:x64\Debug\StrCat.obj
/REMOVE:x64\Debug\StrChr.obj
/REMOVE:x64\Debug\StrCmp.obj
/REMOVE:x64\Debug\StrColl.obj
/REMOVE:x64\Debug\StrCpy.obj
/REMOVE:x64\Debug\StrCSpn.obj
/REMOVE:x64\Debug\StrError.obj
/REMOVE:x64\Debug\StrLen.obj
/REMOVE:x64\Debug\StrNCat.obj
/REMOVE:x64\Debug\StrNCmp.obj
/REMOVE:x64\Debug\StrNCpy.obj
/REMOVE:x64\Debug\StrNLen.obj
/REMOVE:x64\Debug\StrPbrk.obj
/REMOVE:x64\Debug\StrRChr.obj
/REMOVE:x64\Debug\StrSpn.obj
/REMOVE:x64\Debug\StrStr.obj
/REMOVE:x64\Debug\StrTok.obj
/REMOVE:x64\Debug\Strxfrm.obj
/REMOVE:x64\Debug\_StrDup.obj
/REMOVE:x64\Debug\_StrICmp.obj
/REMOVE:x64\Debug\_StrNICmp.obj
/REMOVE:x64\Debug\asctime.obj
/REMOVE:x64\Debug\clock.obj
/REMOVE:x64\Debug\ctime.obj
/REMOVE:x64\Debug\difftime.obj
/REMOVE:x64\Debug\gmtime.obj
/REMOVE:x64\Debug\localtime.obj
/REMOVE:x64\Debug\mktime.obj
/REMOVE:x64\Debug\strftime.obj
/REMOVE:x64\Debug\time.obj
/REMOVE:x64\Debug\btowc.obj
/REMOVE:x64\Debug\Fgetwc.obj
/REMOVE:x64\Debug\Fgetws.obj
/REMOVE:x64\Debug\Fputwc.obj
/REMOVE:x64\Debug\Fputws.obj
/REMOVE:x64\Debug\Fwide.obj
/REMOVE:x64\Debug\Fwprintf.obj
/REMOVE:x64\Debug\Fwscanf.obj
/REMOVE:x64\Debug\Getwc.obj
/REMOVE:x64\Debug\Getwchar.obj
/REMOVE:x64\Debug\mbrlen.obj
/REMOVE:x64\Debug\mbrtowc.obj
/REMOVE:x64\Debug\mbsinit.obj
/REMOVE:x64\Debug\mbsrtowcs.obj
/REMOVE:x64\Debug\Putwc.obj
/REMOVE:x64\Debug\Putwchar.obj
/REMOVE:x64\Debug\Swprintf.obj
/REMOVE:x64\Debug\Swscanf.obj
/REMOVE:x64\Debug\Ungetwc.obj
/REMOVE:x64\Debug\Vfwprintf.obj
/REMOVE:x64\Debug\Vfwscanf.obj
/REMOVE:x64\Debug\Vswprintf.obj
/REMOVE:x64\Debug\Vswscanf.obj
/REMOVE:x64\Debug\Vwprintf.obj
/REMOVE:x64\Debug\wcrtomb.obj
/REMOVE:x64\Debug\WcsCat.obj
/REMOVE:x64\Debug\WcsChr.obj
/REMOVE:x64\Debug\WcsCmp.obj
/REMOVE:x64\Debug\WcsColl.obj
/REMOVE:x64\Debug\WcsCpy.obj
/REMOVE:x64\Debug\WcsCSpn.obj
/REMOVE:x64\Debug\wcsftime.obj
/REMOVE:x64\Debug\WcsLen.obj
/REMOVE:x64\Debug\WcsNCat.obj
/REMOVE:x64\Debug\WcsNCmp.obj
/REMOVE:x64\Debug\WcsNCpy.obj
/REMOVE:x64\Debug\WcsNLen.obj
/REMOVE:x64\Debug\WcsPbrk.obj
/REMOVE:x64\Debug\WcsRChr.obj
/REMOVE:x64\Debug\wcsrtombs.obj
/REMOVE:x64\Debug\WcsSpn.obj
/REMOVE:x64\Debug\WcsStr.obj
/REMOVE:x64\Debug\WcsTok.obj
/REMOVE:x64\Debug\Wcstol.obj
/REMOVE:x64\Debug\Wcstoll.obj
/REMOVE:x64\Debug\Wcstoul.obj
/REMOVE:x64\Debug\Wcstoull.obj
/REMOVE:x64\Debug\Wcsxfrm.obj
/REMOVE:x64\Debug\wctob.obj
/REMOVE:x64\Debug\WMemChr.obj
/REMOVE:x64\Debug\WMemCmp.obj
/REMOVE:x64\Debug\WMemCpy.obj
/REMOVE:x64\Debug\WMemMove.obj
/REMOVE:x64\Debug\WMemSet.obj
/REMOVE:x64\Debug\Wprintf.obj
/REMOVE:x64\Debug\wscanf.obj
/REMOVE:x64\Debug\_WcsDup.obj
/REMOVE:x64\Debug\_WcsEfiError.obj
/REMOVE:x64\Debug\_WcsICmp.obj
/REMOVE:x64\Debug\_WcsNICmp.obj
/REMOVE:x64\Debug\iswalnum.obj
/REMOVE:x64\Debug\iswalpha.obj
/REMOVE:x64\Debug\iswblank.obj
/REMOVE:x64\Debug\iswcntrl.obj
/REMOVE:x64\Debug\iswctype.obj
/REMOVE:x64\Debug\iswdigit.obj
/REMOVE:x64\Debug\iswgraph.obj
/REMOVE:x64\Debug\iswlower.obj
/REMOVE:x64\Debug\iswprint.obj
/REMOVE:x64\Debug\iswpunct.obj
/REMOVE:x64\Debug\iswspace.obj
/REMOVE:x64\Debug\iswupper.obj
/REMOVE:x64\Debug\iswxdigit.obj
/REMOVE:x64\Debug\towctrans.obj
/REMOVE:x64\Debug\towlower.obj
/REMOVE:x64\Debug\towupper.obj
/REMOVE:x64\Debug\wctrans.obj
/REMOVE:x64\Debug\wctype.obj
/REMOVE:x64\Debug\_wcproperty.obj
/REMOVE:x64\Debug\acos.obj
/REMOVE:x64\Debug\asin.obj
/REMOVE:x64\Debug\atan2.obj
/REMOVE:x64\Debug\atan.obj
/REMOVE:x64\Debug\ceil.obj
/REMOVE:x64\Debug\cos.obj
/REMOVE:x64\Debug\cosh.obj
/REMOVE:x64\Debug\exp.obj
/REMOVE:x64\Debug\fabs.obj
/REMOVE:x64\Debug\floor.obj
/REMOVE:x64\Debug\fmod.obj
/REMOVE:x64\Debug\frexp.obj
/REMOVE:x64\Debug\ldexp.obj
/REMOVE:x64\Debug\log10.obj
/REMOVE:x64\Debug\log.obj
/REMOVE:x64\Debug\modf.obj
/REMOVE:x64\Debug\pow.obj
/REMOVE:x64\Debug\sin.obj
/REMOVE:x64\Debug\sinh.obj
/REMOVE:x64\Debug\sqrt.obj
/REMOVE:x64\Debug\tan.obj
/REMOVE:x64\Debug\tanh.obj
