/REMOVE:x86\Debug\osifUefiShellDrvEntryPoint.obj
/REMOVE:x86\Debug\osifUefiShellDrvEntryPointEDK.obj
/REMOVE:x86\Debug\osifUefiDxeEntryPoint.obj
/REMOVE:x86\Debug\osifUefiDxeEntryPointEDK.obj
/REMOVE:x86\Debug\osifUefiDxeMemAlloc.obj
/REMOVE:x86\Debug\osifUefiDxeMemFree.obj
/REMOVE:x86\Debug\osifIbmAtGetTime.obj
/REMOVE:x86\Debug\osifIbmAtGetTsc.obj
/REMOVE:x86\Debug\osifIbmAtGetTscPerSec.obj
/REMOVE:x86\Debug\osifIbmAtSetTime.obj
/REMOVE:x86\Debug\osifUefiPeiEntryPoint.obj
/REMOVE:x86\Debug\osifUefiPeiEntryPointEDK.obj
/REMOVE:x86\Debug\osifUefiPeiMemAlloc.obj
/REMOVE:x86\Debug\osifUefiPeiMemFree.obj
/REMOVE:x86\Debug\osifUefiShellCmdExec.obj
/REMOVE:x86\Debug\osifUefiShellDirectoryCreate.obj
/REMOVE:x86\Debug\osifUefiShellDirectoryRemove.obj
/REMOVE:x86\Debug\osifUefiShellEntryPoint.obj
/REMOVE:x86\Debug\osifUefiShellEntryPointEDK.obj
/REMOVE:x86\Debug\osifUefiShellEntryPointEDKW.obj
/REMOVE:x86\Debug\osifUefiShellEntryPointW.obj
/REMOVE:x86\Debug\osifUefiShellFileClose.obj
/REMOVE:x86\Debug\osifUefiShellFileDelete.obj
/REMOVE:x86\Debug\osifUefiShellFileFindAll.obj
/REMOVE:x86\Debug\osifUefiShellFileGetStatus.obj
/REMOVE:x86\Debug\osifUefiShellFileOpen.obj
/REMOVE:x86\Debug\osifUefiShellFileRead.obj
/REMOVE:x86\Debug\osifUefiShellFileRename.obj
/REMOVE:x86\Debug\osifUefiShellFileSetPos.obj
/REMOVE:x86\Debug\osifUefiShellFileWrite.obj
/REMOVE:x86\Debug\osifUefiShellGetDrvCwd.obj
/REMOVE:x86\Debug\osifUefiShellGetEnv.obj
/REMOVE:x86\Debug\osifUefiShellGetTscPerSec.obj
/REMOVE:x86\Debug\osifUefiShellMemAlloc.obj
/REMOVE:x86\Debug\osifUefiShellMemFree.obj
/REMOVE:x86\Debug\osifUefiSmmEntryPoint.obj
/REMOVE:x86\Debug\osifUefiSmmEntryPointEDK.obj
/REMOVE:x86\Debug\osifUefiSmmMemAlloc.obj
/REMOVE:x86\Debug\osifUefiSmmMemFree.obj
/REMOVE:x86\Debug\osifWinNTCmdExec.obj
/REMOVE:x86\Debug\osifWinNTDirectoryCreate.obj
/REMOVE:x86\Debug\osifWinNTDirectoryRemove.obj
/REMOVE:x86\Debug\osifWinNTEntryPoint.obj
/REMOVE:x86\Debug\osifWinNTEntryPointW.obj
/REMOVE:x86\Debug\osifWinNTFileClose.obj
/REMOVE:x86\Debug\osifWinNTFileDelete.obj
/REMOVE:x86\Debug\osifWinNTFileFindAll.obj
/REMOVE:x86\Debug\osifWinNTFileOpen.obj
/REMOVE:x86\Debug\osifWinNTFileRead.obj
/REMOVE:x86\Debug\osifWinNTFileRename.obj
/REMOVE:x86\Debug\osifWinNTFileSetPos.obj
/REMOVE:x86\Debug\osifWinNTFileGetStatus.obj
/REMOVE:x86\Debug\osifWinNTFileWrite.obj
/REMOVE:x86\Debug\osifWinNTGetDrvCwd.obj
/REMOVE:x86\Debug\osifWinNTGetEnv.obj
/REMOVE:x86\Debug\osifWinNTGetTime.obj
/REMOVE:x86\Debug\osifWinNTGetTsc.obj
/REMOVE:x86\Debug\osifWinNTGetTscPerSec.obj
/REMOVE:x86\Debug\osifWinNTMemAlloc.obj
/REMOVE:x86\Debug\osifWinNTMemFree.obj
