/REMOVE:x64\Debug\osifUefiShellDrvEntryPoint.obj
/REMOVE:x64\Debug\osifUefiShellDrvEntryPointEDK.obj
/REMOVE:x64\Debug\osifUefiDxeEntryPoint.obj
/REMOVE:x64\Debug\osifUefiDxeEntryPointEDK.obj
/REMOVE:x64\Debug\osifUefiDxeMemAlloc.obj
/REMOVE:x64\Debug\osifUefiDxeMemFree.obj
/REMOVE:x64\Debug\osifIbmAtGetTime.obj
/REMOVE:x64\Debug\osifIbmAtGetTsc.obj
/REMOVE:x64\Debug\osifIbmAtGetTscPerSec.obj
/REMOVE:x64\Debug\osifIbmAtSetTime.obj
/REMOVE:x64\Debug\osifUefiPeiEntryPoint.obj
/REMOVE:x64\Debug\osifUefiPeiEntryPointEDK.obj
/REMOVE:x64\Debug\osifUefiPeiMemAlloc.obj
/REMOVE:x64\Debug\osifUefiPeiMemFree.obj
/REMOVE:x64\Debug\osifUefiShellCmdExec.obj
/REMOVE:x64\Debug\osifUefiShellDirectoryCreate.obj
/REMOVE:x64\Debug\osifUefiShellDirectoryRemove.obj
/REMOVE:x64\Debug\osifUefiShellEntryPoint.obj
/REMOVE:x64\Debug\osifUefiShellEntryPointEDK.obj
/REMOVE:x64\Debug\osifUefiShellEntryPointEDKW.obj
/REMOVE:x64\Debug\osifUefiShellEntryPointW.obj
/REMOVE:x64\Debug\osifUefiShellFileClose.obj
/REMOVE:x64\Debug\osifUefiShellFileDelete.obj
/REMOVE:x64\Debug\osifUefiShellFileFindAll.obj
/REMOVE:x64\Debug\osifUefiShellFileGetStatus.obj
/REMOVE:x64\Debug\osifUefiShellFileOpen.obj
/REMOVE:x64\Debug\osifUefiShellFileRead.obj
/REMOVE:x64\Debug\osifUefiShellFileRename.obj
/REMOVE:x64\Debug\osifUefiShellFileSetPos.obj
/REMOVE:x64\Debug\osifUefiShellFileWrite.obj
/REMOVE:x64\Debug\osifUefiShellGetDrvCwd.obj
/REMOVE:x64\Debug\osifUefiShellGetEnv.obj
/REMOVE:x64\Debug\osifUefiShellGetTscPerSec.obj
/REMOVE:x64\Debug\osifUefiShellMemAlloc.obj
/REMOVE:x64\Debug\osifUefiShellMemFree.obj
/REMOVE:x64\Debug\osifUefiSmmEntryPoint.obj
/REMOVE:x64\Debug\osifUefiSmmEntryPointEDK.obj
/REMOVE:x64\Debug\osifUefiSmmMemAlloc.obj
/REMOVE:x64\Debug\osifUefiSmmMemFree.obj
/REMOVE:x64\Debug\osifWinNTCmdExec.obj
/REMOVE:x64\Debug\osifWinNTDirectoryCreate.obj
/REMOVE:x64\Debug\osifWinNTDirectoryRemove.obj
/REMOVE:x64\Debug\osifWinNTEntryPoint.obj
/REMOVE:x64\Debug\osifWinNTEntryPointW.obj
/REMOVE:x64\Debug\osifWinNTFileClose.obj
/REMOVE:x64\Debug\osifWinNTFileDelete.obj
/REMOVE:x64\Debug\osifWinNTFileFindAll.obj
/REMOVE:x64\Debug\osifWinNTFileOpen.obj
/REMOVE:x64\Debug\osifWinNTFileRead.obj
/REMOVE:x64\Debug\osifWinNTFileRename.obj
/REMOVE:x64\Debug\osifWinNTFileSetPos.obj
/REMOVE:x64\Debug\osifWinNTFileGetStatus.obj
/REMOVE:x64\Debug\osifWinNTFileWrite.obj
/REMOVE:x64\Debug\osifWinNTGetDrvCwd.obj
/REMOVE:x64\Debug\osifWinNTGetEnv.obj
/REMOVE:x64\Debug\osifWinNTGetTime.obj
/REMOVE:x64\Debug\osifWinNTGetTsc.obj
/REMOVE:x64\Debug\osifWinNTGetTscPerSec.obj
/REMOVE:x64\Debug\osifWinNTMemAlloc.obj
/REMOVE:x64\Debug\osifWinNTMemFree.obj
