/REMOVE:x64\Release\_invalid_parameter_handler.obj
/REMOVE:x64\Release\_set_invalid_parameter_handler.obj
/REMOVE:x64\Release\_assert.obj
/REMOVE:x64\Release\_wassert.obj
/REMOVE:x64\Release\isalnum.obj
/REMOVE:x64\Release\isalpha.obj
/REMOVE:x64\Release\iscntrl.obj
/REMOVE:x64\Release\isdigit.obj
/REMOVE:x64\Release\isgraph.obj
/REMOVE:x64\Release\islower.obj
/REMOVE:x64\Release\isprint.obj
/REMOVE:x64\Release\ispunct.obj
/REMOVE:x64\Release\isspace.obj
/REMOVE:x64\Release\isupper.obj
/REMOVE:x64\Release\isxdigit.obj
/REMOVE:x64\Release\tolower.obj
/REMOVE:x64\Release\toupper.obj
/REMOVE:x64\Release\errno.obj
/REMOVE:x64\Release\strtoimax.obj
/REMOVE:x64\Release\strtoumax.obj
/REMOVE:x64\Release\wcstoimax.obj
/REMOVE:x64\Release\wcstoumax.obj
/REMOVE:x64\Release\localeconv.obj
/REMOVE:x64\Release\setlocale.obj
/REMOVE:x64\Release\_getmbcp.obj
/REMOVE:x64\Release\_setmbcp.obj
/REMOVE:x64\Release\raise.obj
/REMOVE:x64\Release\signal.obj
/REMOVE:x64\Release\clearerr.obj
/REMOVE:x64\Release\Fclose.obj
/REMOVE:x64\Release\Feof.obj
/REMOVE:x64\Release\Ferror.obj
/REMOVE:x64\Release\Fflush.obj
/REMOVE:x64\Release\Fgetc.obj
/REMOVE:x64\Release\Fgetpos.obj
/REMOVE:x64\Release\Fgets.obj
/REMOVE:x64\Release\Fopen.obj
/REMOVE:x64\Release\Fprintf.obj
/REMOVE:x64\Release\Fputc.obj
/REMOVE:x64\Release\Fputs.obj
/REMOVE:x64\Release\Fread.obj
/REMOVE:x64\Release\Freopen.obj
/REMOVE:x64\Release\Fscanf.obj
/REMOVE:x64\Release\Fseek.obj
/REMOVE:x64\Release\Fsetpos.obj
/REMOVE:x64\Release\Ftell.obj
/REMOVE:x64\Release\Fwrite.obj
/REMOVE:x64\Release\Getc.obj
/REMOVE:x64\Release\Getchar.obj
/REMOVE:x64\Release\Gets.obj
/REMOVE:x64\Release\Perror.obj
/REMOVE:x64\Release\Printf.obj
/REMOVE:x64\Release\Putc.obj
/REMOVE:x64\Release\Putchar.obj
/REMOVE:x64\Release\Puts.obj
/REMOVE:x64\Release\Remove.obj
/REMOVE:x64\Release\Rename.obj
/REMOVE:x64\Release\Rewind.obj
/REMOVE:x64\Release\Scanf.obj
/REMOVE:x64\Release\Setbuf.obj
/REMOVE:x64\Release\Setvbuf.obj
/REMOVE:x64\Release\Snprintf.obj
/REMOVE:x64\Release\Sprintf.obj
/REMOVE:x64\Release\Sscanf.obj
/REMOVE:x64\Release\Tmpfile.obj
/REMOVE:x64\Release\Tmpnam.obj
/REMOVE:x64\Release\Ungetc.obj
/REMOVE:x64\Release\Vfprintf.obj
/REMOVE:x64\Release\Vfscanf.obj
/REMOVE:x64\Release\Vprintf.obj
/REMOVE:x64\Release\Vscanf.obj
/REMOVE:x64\Release\Vsnprintf.obj
/REMOVE:x64\Release\Vsnwprintf.obj
/REMOVE:x64\Release\Vsprintf.obj
/REMOVE:x64\Release\Vsscanf.obj
/REMOVE:x64\Release\abort.obj
/REMOVE:x64\Release\Abs.obj
/REMOVE:x64\Release\atexit.obj
/REMOVE:x64\Release\atoi.obj
/REMOVE:x64\Release\atol.obj
/REMOVE:x64\Release\Calloc.obj
/REMOVE:x64\Release\Div.obj
/REMOVE:x64\Release\exit.obj
/REMOVE:x64\Release\Free.obj
/REMOVE:x64\Release\getenv.obj
/REMOVE:x64\Release\Labs.obj
/REMOVE:x64\Release\Ldiv.obj
/REMOVE:x64\Release\Malloc.obj
/REMOVE:x64\Release\mblen.obj
/REMOVE:x64\Release\mbstowcs.obj
/REMOVE:x64\Release\mbtowc.obj
/REMOVE:x64\Release\Qsort.obj
/REMOVE:x64\Release\rand.obj
/REMOVE:x64\Release\_exit.obj
/REMOVE:x64\Release\Realloc.obj
/REMOVE:x64\Release\srand.obj
/REMOVE:x64\Release\strtol.obj
/REMOVE:x64\Release\strtoll.obj
/REMOVE:x64\Release\strtoul.obj
/REMOVE:x64\Release\strtoull.obj
/REMOVE:x64\Release\system.obj
/REMOVE:x64\Release\wcstombs.obj
/REMOVE:x64\Release\wctomb.obj
/REMOVE:x64\Release\_i64toa.obj
/REMOVE:x64\Release\_i64tow.obj
/REMOVE:x64\Release\_itoa.obj
/REMOVE:x64\Release\_itow.obj
/REMOVE:x64\Release\_ltoa.obj
/REMOVE:x64\Release\_ltow.obj
/REMOVE:x64\Release\_ui64toa.obj
/REMOVE:x64\Release\_ui64tow.obj
/REMOVE:x64\Release\_ultoa.obj
/REMOVE:x64\Release\_ultow.obj
/REMOVE:x64\Release\MemChr.obj
/REMOVE:x64\Release\MemCpy.obj
/REMOVE:x64\Release\MemMove.obj
/REMOVE:x64\Release\StrCat.obj
/REMOVE:x64\Release\StrChr.obj
/REMOVE:x64\Release\StrCmp.obj
/REMOVE:x64\Release\StrColl.obj
/REMOVE:x64\Release\StrCpy.obj
/REMOVE:x64\Release\StrCSpn.obj
/REMOVE:x64\Release\StrError.obj
/REMOVE:x64\Release\StrLen.obj
/REMOVE:x64\Release\StrNCat.obj
/REMOVE:x64\Release\StrNCmp.obj
/REMOVE:x64\Release\StrNCpy.obj
/REMOVE:x64\Release\StrNLen.obj
/REMOVE:x64\Release\StrPbrk.obj
/REMOVE:x64\Release\StrRChr.obj
/REMOVE:x64\Release\StrSpn.obj
/REMOVE:x64\Release\StrStr.obj
/REMOVE:x64\Release\StrTok.obj
/REMOVE:x64\Release\Strxfrm.obj
/REMOVE:x64\Release\_StrDup.obj
/REMOVE:x64\Release\_StrICmp.obj
/REMOVE:x64\Release\_StrNICmp.obj
/REMOVE:x64\Release\asctime.obj
/REMOVE:x64\Release\clock.obj
/REMOVE:x64\Release\ctime.obj
/REMOVE:x64\Release\difftime.obj
/REMOVE:x64\Release\gmtime.obj
/REMOVE:x64\Release\localtime.obj
/REMOVE:x64\Release\mktime.obj
/REMOVE:x64\Release\strftime.obj
/REMOVE:x64\Release\time.obj
/REMOVE:x64\Release\btowc.obj
/REMOVE:x64\Release\Fgetwc.obj
/REMOVE:x64\Release\Fgetws.obj
/REMOVE:x64\Release\Fputwc.obj
/REMOVE:x64\Release\Fputws.obj
/REMOVE:x64\Release\Fwide.obj
/REMOVE:x64\Release\Fwprintf.obj
/REMOVE:x64\Release\Fwscanf.obj
/REMOVE:x64\Release\Getwc.obj
/REMOVE:x64\Release\Getwchar.obj
/REMOVE:x64\Release\mbrlen.obj
/REMOVE:x64\Release\mbrtowc.obj
/REMOVE:x64\Release\mbsinit.obj
/REMOVE:x64\Release\mbsrtowcs.obj
/REMOVE:x64\Release\Putwc.obj
/REMOVE:x64\Release\Putwchar.obj
/REMOVE:x64\Release\Swprintf.obj
/REMOVE:x64\Release\Swscanf.obj
/REMOVE:x64\Release\Ungetwc.obj
/REMOVE:x64\Release\Vfwprintf.obj
/REMOVE:x64\Release\Vfwscanf.obj
/REMOVE:x64\Release\Vswprintf.obj
/REMOVE:x64\Release\Vswscanf.obj
/REMOVE:x64\Release\Vwprintf.obj
/REMOVE:x64\Release\wcrtomb.obj
/REMOVE:x64\Release\WcsCat.obj
/REMOVE:x64\Release\WcsChr.obj
/REMOVE:x64\Release\WcsCmp.obj
/REMOVE:x64\Release\WcsColl.obj
/REMOVE:x64\Release\WcsCpy.obj
/REMOVE:x64\Release\WcsCSpn.obj
/REMOVE:x64\Release\wcsftime.obj
/REMOVE:x64\Release\WcsLen.obj
/REMOVE:x64\Release\WcsNCat.obj
/REMOVE:x64\Release\WcsNCmp.obj
/REMOVE:x64\Release\WcsNCpy.obj
/REMOVE:x64\Release\WcsNLen.obj
/REMOVE:x64\Release\WcsPbrk.obj
/REMOVE:x64\Release\WcsRChr.obj
/REMOVE:x64\Release\wcsrtombs.obj
/REMOVE:x64\Release\WcsSpn.obj
/REMOVE:x64\Release\WcsStr.obj
/REMOVE:x64\Release\WcsTok.obj
/REMOVE:x64\Release\Wcstol.obj
/REMOVE:x64\Release\Wcstoll.obj
/REMOVE:x64\Release\Wcstoul.obj
/REMOVE:x64\Release\Wcstoull.obj
/REMOVE:x64\Release\Wcsxfrm.obj
/REMOVE:x64\Release\wctob.obj
/REMOVE:x64\Release\WMemChr.obj
/REMOVE:x64\Release\WMemCmp.obj
/REMOVE:x64\Release\WMemCpy.obj
/REMOVE:x64\Release\WMemMove.obj
/REMOVE:x64\Release\WMemSet.obj
/REMOVE:x64\Release\Wprintf.obj
/REMOVE:x64\Release\wscanf.obj
/REMOVE:x64\Release\_WcsDup.obj
/REMOVE:x64\Release\_WcsEfiError.obj
/REMOVE:x64\Release\_WcsICmp.obj
/REMOVE:x64\Release\_WcsNICmp.obj
/REMOVE:x64\Release\iswalnum.obj
/REMOVE:x64\Release\iswalpha.obj
/REMOVE:x64\Release\iswblank.obj
/REMOVE:x64\Release\iswcntrl.obj
/REMOVE:x64\Release\iswctype.obj
/REMOVE:x64\Release\iswdigit.obj
/REMOVE:x64\Release\iswgraph.obj
/REMOVE:x64\Release\iswlower.obj
/REMOVE:x64\Release\iswprint.obj
/REMOVE:x64\Release\iswpunct.obj
/REMOVE:x64\Release\iswspace.obj
/REMOVE:x64\Release\iswupper.obj
/REMOVE:x64\Release\iswxdigit.obj
/REMOVE:x64\Release\towctrans.obj
/REMOVE:x64\Release\towlower.obj
/REMOVE:x64\Release\towupper.obj
/REMOVE:x64\Release\wctrans.obj
/REMOVE:x64\Release\wctype.obj
/REMOVE:x64\Release\_wcproperty.obj
/REMOVE:x64\Release\acos.obj
/REMOVE:x64\Release\asin.obj
/REMOVE:x64\Release\atan2.obj
/REMOVE:x64\Release\atan.obj
/REMOVE:x64\Release\ceil.obj
/REMOVE:x64\Release\cos.obj
/REMOVE:x64\Release\cosh.obj
/REMOVE:x64\Release\exp.obj
/REMOVE:x64\Release\fabs.obj
/REMOVE:x64\Release\floor.obj
/REMOVE:x64\Release\fmod.obj
/REMOVE:x64\Release\frexp.obj
/REMOVE:x64\Release\ldexp.obj
/REMOVE:x64\Release\log10.obj
/REMOVE:x64\Release\log.obj
/REMOVE:x64\Release\modf.obj
/REMOVE:x64\Release\pow.obj
/REMOVE:x64\Release\sin.obj
/REMOVE:x64\Release\sinh.obj
/REMOVE:x64\Release\sqrt.obj
/REMOVE:x64\Release\tan.obj
/REMOVE:x64\Release\tanh.obj
