/REMOVE:x86\Release\osifUefiShellDrvEntryPoint.obj
/REMOVE:x86\Release\osifUefiShellDrvEntryPointEDK.obj
/REMOVE:x86\Release\osifUefiDxeEntryPoint.obj
/REMOVE:x86\Release\osifUefiDxeEntryPointEDK.obj
/REMOVE:x86\Release\osifUefiDxeMemAlloc.obj
/REMOVE:x86\Release\osifUefiDxeMemFree.obj
/REMOVE:x86\Release\osifIbmAtGetTime.obj
/REMOVE:x86\Release\osifIbmAtGetTsc.obj
/REMOVE:x86\Release\osifIbmAtGetTscPerSec.obj
/REMOVE:x86\Release\osifIbmAtSetTime.obj
/REMOVE:x86\Release\osifUefiPeiEntryPoint.obj
/REMOVE:x86\Release\osifUefiPeiEntryPointEDK.obj
/REMOVE:x86\Release\osifUefiPeiMemAlloc.obj
/REMOVE:x86\Release\osifUefiPeiMemFree.obj
/REMOVE:x86\Release\osifUefiShellCmdExec.obj
/REMOVE:x86\Release\osifUefiShellDirectoryCreate.obj
/REMOVE:x86\Release\osifUefiShellDirectoryRemove.obj
/REMOVE:x86\Release\osifUefiShellEntryPoint.obj
/REMOVE:x86\Release\osifUefiShellEntryPointEDK.obj
/REMOVE:x86\Release\osifUefiShellEntryPointEDKW.obj
/REMOVE:x86\Release\osifUefiShellEntryPointW.obj
/REMOVE:x86\Release\osifUefiShellFileClose.obj
/REMOVE:x86\Release\osifUefiShellFileDelete.obj
/REMOVE:x86\Release\osifUefiShellFileFindAll.obj
/REMOVE:x86\Release\osifUefiShellFileGetStatus.obj
/REMOVE:x86\Release\osifUefiShellFileOpen.obj
/REMOVE:x86\Release\osifUefiShellFileRead.obj
/REMOVE:x86\Release\osifUefiShellFileRename.obj
/REMOVE:x86\Release\osifUefiShellFileSetPos.obj
/REMOVE:x86\Release\osifUefiShellFileWrite.obj
/REMOVE:x86\Release\osifUefiShellGetDrvCwd.obj
/REMOVE:x86\Release\osifUefiShellGetEnv.obj
/REMOVE:x86\Release\osifUefiShellGetTscPerSec.obj
/REMOVE:x86\Release\osifUefiShellMemAlloc.obj
/REMOVE:x86\Release\osifUefiShellMemFree.obj
/REMOVE:x86\Release\osifUefiSmmEntryPoint.obj
/REMOVE:x86\Release\osifUefiSmmEntryPointEDK.obj
/REMOVE:x86\Release\osifUefiSmmMemAlloc.obj
/REMOVE:x86\Release\osifUefiSmmMemFree.obj
/REMOVE:x86\Release\osifWinNTCmdExec.obj
/REMOVE:x86\Release\osifWinNTDirectoryCreate.obj
/REMOVE:x86\Release\osifWinNTDirectoryRemove.obj
/REMOVE:x86\Release\osifWinNTEntryPoint.obj
/REMOVE:x86\Release\osifWinNTEntryPointW.obj
/REMOVE:x86\Release\osifWinNTFileClose.obj
/REMOVE:x86\Release\osifWinNTFileDelete.obj
/REMOVE:x86\Release\osifWinNTFileFindAll.obj
/REMOVE:x86\Release\osifWinNTFileOpen.obj
/REMOVE:x86\Release\osifWinNTFileRead.obj
/REMOVE:x86\Release\osifWinNTFileRename.obj
/REMOVE:x86\Release\osifWinNTFileSetPos.obj
/REMOVE:x86\Release\osifWinNTFileGetStatus.obj
/REMOVE:x86\Release\osifWinNTFileWrite.obj
/REMOVE:x86\Release\osifWinNTGetDrvCwd.obj
/REMOVE:x86\Release\osifWinNTGetEnv.obj
/REMOVE:x86\Release\osifWinNTGetTime.obj
/REMOVE:x86\Release\osifWinNTGetTsc.obj
/REMOVE:x86\Release\osifWinNTGetTscPerSec.obj
/REMOVE:x86\Release\osifWinNTMemAlloc.obj
/REMOVE:x86\Release\osifWinNTMemFree.obj
