/REMOVE:x86\Release\_invalid_parameter_handler.obj
/REMOVE:x86\Release\_set_invalid_parameter_handler.obj
/REMOVE:x86\Release\_assert.obj
/REMOVE:x86\Release\_wassert.obj
/REMOVE:x86\Release\isalnum.obj
/REMOVE:x86\Release\isalpha.obj
/REMOVE:x86\Release\iscntrl.obj
/REMOVE:x86\Release\isdigit.obj
/REMOVE:x86\Release\isgraph.obj
/REMOVE:x86\Release\islower.obj
/REMOVE:x86\Release\isprint.obj
/REMOVE:x86\Release\ispunct.obj
/REMOVE:x86\Release\isspace.obj
/REMOVE:x86\Release\isupper.obj
/REMOVE:x86\Release\isxdigit.obj
/REMOVE:x86\Release\tolower.obj
/REMOVE:x86\Release\toupper.obj
/REMOVE:x86\Release\errno.obj
/REMOVE:x86\Release\strtoimax.obj
/REMOVE:x86\Release\strtoumax.obj
/REMOVE:x86\Release\wcstoimax.obj
/REMOVE:x86\Release\wcstoumax.obj
/REMOVE:x86\Release\localeconv.obj
/REMOVE:x86\Release\setlocale.obj
/REMOVE:x86\Release\acos.obj
/REMOVE:x86\Release\asin.obj
/REMOVE:x86\Release\atan2.obj
/REMOVE:x86\Release\atan.obj
/REMOVE:x86\Release\ceil.obj
/REMOVE:x86\Release\cos.obj
/REMOVE:x86\Release\cosh.obj
/REMOVE:x86\Release\exp.obj
/REMOVE:x86\Release\fabs.obj
/REMOVE:x86\Release\floor.obj
/REMOVE:x86\Release\fmod.obj
/REMOVE:x86\Release\frexp.obj
/REMOVE:x86\Release\ldexp.obj
/REMOVE:x86\Release\log10.obj
/REMOVE:x86\Release\log.obj
/REMOVE:x86\Release\modf.obj
/REMOVE:x86\Release\pow.obj
/REMOVE:x86\Release\sin.obj
/REMOVE:x86\Release\sinh.obj
/REMOVE:x86\Release\sqrt.obj
/REMOVE:x86\Release\tan.obj
/REMOVE:x86\Release\tanh.obj
/REMOVE:x86\Release\_getmbcp.obj
/REMOVE:x86\Release\_setmbcp.obj
/REMOVE:x86\Release\raise.obj
/REMOVE:x86\Release\signal.obj
/REMOVE:x86\Release\clearerr.obj
/REMOVE:x86\Release\Fclose.obj
/REMOVE:x86\Release\Feof.obj
/REMOVE:x86\Release\Ferror.obj
/REMOVE:x86\Release\Fflush.obj
/REMOVE:x86\Release\Fgetc.obj
/REMOVE:x86\Release\Fgetpos.obj
/REMOVE:x86\Release\Fgets.obj
/REMOVE:x86\Release\Fopen.obj
/REMOVE:x86\Release\Fprintf.obj
/REMOVE:x86\Release\Fputc.obj
/REMOVE:x86\Release\Fputs.obj
/REMOVE:x86\Release\Fread.obj
/REMOVE:x86\Release\Freopen.obj
/REMOVE:x86\Release\Fscanf.obj
/REMOVE:x86\Release\Fseek.obj
/REMOVE:x86\Release\Fsetpos.obj
/REMOVE:x86\Release\Ftell.obj
/REMOVE:x86\Release\Fwrite.obj
/REMOVE:x86\Release\Getc.obj
/REMOVE:x86\Release\Getchar.obj
/REMOVE:x86\Release\Gets.obj
/REMOVE:x86\Release\Perror.obj
/REMOVE:x86\Release\Printf.obj
/REMOVE:x86\Release\Putc.obj
/REMOVE:x86\Release\Putchar.obj
/REMOVE:x86\Release\Puts.obj
/REMOVE:x86\Release\Remove.obj
/REMOVE:x86\Release\Rename.obj
/REMOVE:x86\Release\Rewind.obj
/REMOVE:x86\Release\Scanf.obj
/REMOVE:x86\Release\Setbuf.obj
/REMOVE:x86\Release\Setvbuf.obj
/REMOVE:x86\Release\Snprintf.obj
/REMOVE:x86\Release\Sprintf.obj
/REMOVE:x86\Release\Sscanf.obj
/REMOVE:x86\Release\Tmpfile.obj
/REMOVE:x86\Release\Tmpnam.obj
/REMOVE:x86\Release\Ungetc.obj
/REMOVE:x86\Release\Vfprintf.obj
/REMOVE:x86\Release\Vfscanf.obj
/REMOVE:x86\Release\Vprintf.obj
/REMOVE:x86\Release\Vscanf.obj
/REMOVE:x86\Release\Vsnprintf.obj
/REMOVE:x86\Release\Vsnwprintf.obj
/REMOVE:x86\Release\Vsprintf.obj
/REMOVE:x86\Release\Vsscanf.obj
/REMOVE:x86\Release\abort.obj
/REMOVE:x86\Release\Abs.obj
/REMOVE:x86\Release\atexit.obj
/REMOVE:x86\Release\atoi.obj
/REMOVE:x86\Release\atol.obj
/REMOVE:x86\Release\Calloc.obj
/REMOVE:x86\Release\Div.obj
/REMOVE:x86\Release\exit.obj
/REMOVE:x86\Release\Free.obj
/REMOVE:x86\Release\getenv.obj
/REMOVE:x86\Release\Labs.obj
/REMOVE:x86\Release\Ldiv.obj
/REMOVE:x86\Release\Malloc.obj
/REMOVE:x86\Release\mblen.obj
/REMOVE:x86\Release\mbstowcs.obj
/REMOVE:x86\Release\mbtowc.obj
/REMOVE:x86\Release\Qsort.obj
/REMOVE:x86\Release\rand.obj
/REMOVE:x86\Release\_exit.obj
/REMOVE:x86\Release\Realloc.obj
/REMOVE:x86\Release\srand.obj
/REMOVE:x86\Release\strtol.obj
/REMOVE:x86\Release\strtoll.obj
/REMOVE:x86\Release\strtoul.obj
/REMOVE:x86\Release\strtoull.obj
/REMOVE:x86\Release\system.obj
/REMOVE:x86\Release\wcstombs.obj
/REMOVE:x86\Release\wctomb.obj
/REMOVE:x86\Release\_i64toa.obj
/REMOVE:x86\Release\_i64tow.obj
/REMOVE:x86\Release\_itoa.obj
/REMOVE:x86\Release\_itow.obj
/REMOVE:x86\Release\_ltoa.obj
/REMOVE:x86\Release\_ltow.obj
/REMOVE:x86\Release\_ui64toa.obj
/REMOVE:x86\Release\_ui64tow.obj
/REMOVE:x86\Release\_ultoa.obj
/REMOVE:x86\Release\_ultow.obj
/REMOVE:x86\Release\MemChr.obj
/REMOVE:x86\Release\MemCpy.obj
/REMOVE:x86\Release\MemMove.obj
/REMOVE:x86\Release\StrCat.obj
/REMOVE:x86\Release\StrChr.obj
/REMOVE:x86\Release\StrCmp.obj
/REMOVE:x86\Release\StrColl.obj
/REMOVE:x86\Release\StrCpy.obj
/REMOVE:x86\Release\StrCSpn.obj
/REMOVE:x86\Release\StrError.obj
/REMOVE:x86\Release\StrLen.obj
/REMOVE:x86\Release\StrNCat.obj
/REMOVE:x86\Release\StrNCmp.obj
/REMOVE:x86\Release\StrNCpy.obj
/REMOVE:x86\Release\StrNLen.obj
/REMOVE:x86\Release\StrPbrk.obj
/REMOVE:x86\Release\StrRChr.obj
/REMOVE:x86\Release\StrSpn.obj
/REMOVE:x86\Release\StrStr.obj
/REMOVE:x86\Release\StrTok.obj
/REMOVE:x86\Release\Strxfrm.obj
/REMOVE:x86\Release\_StrDup.obj
/REMOVE:x86\Release\_StrICmp.obj
/REMOVE:x86\Release\_StrNICmp.obj
/REMOVE:x86\Release\asctime.obj
/REMOVE:x86\Release\clock.obj
/REMOVE:x86\Release\ctime.obj
/REMOVE:x86\Release\difftime.obj
/REMOVE:x86\Release\gmtime.obj
/REMOVE:x86\Release\localtime.obj
/REMOVE:x86\Release\mktime.obj
/REMOVE:x86\Release\strftime.obj
/REMOVE:x86\Release\time.obj
/REMOVE:x86\Release\btowc.obj
/REMOVE:x86\Release\Fgetwc.obj
/REMOVE:x86\Release\Fgetws.obj
/REMOVE:x86\Release\Fputwc.obj
/REMOVE:x86\Release\Fputws.obj
/REMOVE:x86\Release\Fwide.obj
/REMOVE:x86\Release\Fwprintf.obj
/REMOVE:x86\Release\Fwscanf.obj
/REMOVE:x86\Release\Getwc.obj
/REMOVE:x86\Release\Getwchar.obj
/REMOVE:x86\Release\mbrlen.obj
/REMOVE:x86\Release\mbrtowc.obj
/REMOVE:x86\Release\mbsinit.obj
/REMOVE:x86\Release\mbsrtowcs.obj
/REMOVE:x86\Release\Putwc.obj
/REMOVE:x86\Release\Putwchar.obj
/REMOVE:x86\Release\Swprintf.obj
/REMOVE:x86\Release\Swscanf.obj
/REMOVE:x86\Release\Ungetwc.obj
/REMOVE:x86\Release\Vfwprintf.obj
/REMOVE:x86\Release\Vfwscanf.obj
/REMOVE:x86\Release\Vswprintf.obj
/REMOVE:x86\Release\Vswscanf.obj
/REMOVE:x86\Release\Vwprintf.obj
/REMOVE:x86\Release\wcrtomb.obj
/REMOVE:x86\Release\WcsCat.obj
/REMOVE:x86\Release\WcsChr.obj
/REMOVE:x86\Release\WcsCmp.obj
/REMOVE:x86\Release\WcsColl.obj
/REMOVE:x86\Release\WcsCpy.obj
/REMOVE:x86\Release\WcsCSpn.obj
/REMOVE:x86\Release\wcsftime.obj
/REMOVE:x86\Release\WcsLen.obj
/REMOVE:x86\Release\WcsNCat.obj
/REMOVE:x86\Release\WcsNCmp.obj
/REMOVE:x86\Release\WcsNCpy.obj
/REMOVE:x86\Release\WcsNLen.obj
/REMOVE:x86\Release\WcsPbrk.obj
/REMOVE:x86\Release\WcsRChr.obj
/REMOVE:x86\Release\wcsrtombs.obj
/REMOVE:x86\Release\WcsSpn.obj
/REMOVE:x86\Release\WcsStr.obj
/REMOVE:x86\Release\WcsTok.obj
/REMOVE:x86\Release\Wcstol.obj
/REMOVE:x86\Release\Wcstoll.obj
/REMOVE:x86\Release\Wcstoul.obj
/REMOVE:x86\Release\Wcstoull.obj
/REMOVE:x86\Release\Wcsxfrm.obj
/REMOVE:x86\Release\wctob.obj
/REMOVE:x86\Release\WMemChr.obj
/REMOVE:x86\Release\WMemCmp.obj
/REMOVE:x86\Release\WMemCpy.obj
/REMOVE:x86\Release\WMemMove.obj
/REMOVE:x86\Release\WMemSet.obj
/REMOVE:x86\Release\Wprintf.obj
/REMOVE:x86\Release\wscanf.obj
/REMOVE:x86\Release\_WcsDup.obj
/REMOVE:x86\Release\_WcsEfiError.obj
/REMOVE:x86\Release\_WcsICmp.obj
/REMOVE:x86\Release\_WcsNICmp.obj
/REMOVE:x86\Release\iswalnum.obj
/REMOVE:x86\Release\iswalpha.obj
/REMOVE:x86\Release\iswblank.obj
/REMOVE:x86\Release\iswcntrl.obj
/REMOVE:x86\Release\iswctype.obj
/REMOVE:x86\Release\iswdigit.obj
/REMOVE:x86\Release\iswgraph.obj
/REMOVE:x86\Release\iswlower.obj
/REMOVE:x86\Release\iswprint.obj
/REMOVE:x86\Release\iswpunct.obj
/REMOVE:x86\Release\iswspace.obj
/REMOVE:x86\Release\iswupper.obj
/REMOVE:x86\Release\iswxdigit.obj
/REMOVE:x86\Release\towctrans.obj
/REMOVE:x86\Release\towlower.obj
/REMOVE:x86\Release\towupper.obj
/REMOVE:x86\Release\wctrans.obj
/REMOVE:x86\Release\wctype.obj
/REMOVE:x86\Release\_wcproperty.obj
