/REMOVE:x64\Release\osifUefiShellDrvEntryPoint.obj
/REMOVE:x64\Release\osifUefiShellDrvEntryPointEDK.obj
/REMOVE:x64\Release\osifUefiDxeEntryPoint.obj
/REMOVE:x64\Release\osifUefiDxeEntryPointEDK.obj
/REMOVE:x64\Release\osifUefiDxeMemAlloc.obj
/REMOVE:x64\Release\osifUefiDxeMemFree.obj
/REMOVE:x64\Release\osifIbmAtGetTime.obj
/REMOVE:x64\Release\osifIbmAtGetTsc.obj
/REMOVE:x64\Release\osifIbmAtGetTscPerSec.obj
/REMOVE:x64\Release\osifIbmAtSetTime.obj
/REMOVE:x64\Release\osifUefiPeiEntryPoint.obj
/REMOVE:x64\Release\osifUefiPeiEntryPointEDK.obj
/REMOVE:x64\Release\osifUefiPeiMemAlloc.obj
/REMOVE:x64\Release\osifUefiPeiMemFree.obj
/REMOVE:x64\Release\osifUefiShellCmdExec.obj
/REMOVE:x64\Release\osifUefiShellDirectoryCreate.obj
/REMOVE:x64\Release\osifUefiShellDirectoryRemove.obj
/REMOVE:x64\Release\osifUefiShellEntryPoint.obj
/REMOVE:x64\Release\osifUefiShellEntryPointEDK.obj
/REMOVE:x64\Release\osifUefiShellEntryPointEDKW.obj
/REMOVE:x64\Release\osifUefiShellEntryPointW.obj
/REMOVE:x64\Release\osifUefiShellFileClose.obj
/REMOVE:x64\Release\osifUefiShellFileDelete.obj
/REMOVE:x64\Release\osifUefiShellFileFindAll.obj
/REMOVE:x64\Release\osifUefiShellFileGetStatus.obj
/REMOVE:x64\Release\osifUefiShellFileOpen.obj
/REMOVE:x64\Release\osifUefiShellFileRead.obj
/REMOVE:x64\Release\osifUefiShellFileRename.obj
/REMOVE:x64\Release\osifUefiShellFileSetPos.obj
/REMOVE:x64\Release\osifUefiShellFileWrite.obj
/REMOVE:x64\Release\osifUefiShellGetDrvCwd.obj
/REMOVE:x64\Release\osifUefiShellGetEnv.obj
/REMOVE:x64\Release\osifUefiShellGetTscPerSec.obj
/REMOVE:x64\Release\osifUefiShellMemAlloc.obj
/REMOVE:x64\Release\osifUefiShellMemFree.obj
/REMOVE:x64\Release\osifUefiSmmEntryPoint.obj
/REMOVE:x64\Release\osifUefiSmmEntryPointEDK.obj
/REMOVE:x64\Release\osifUefiSmmMemAlloc.obj
/REMOVE:x64\Release\osifUefiSmmMemFree.obj
/REMOVE:x64\Release\osifWinNTCmdExec.obj
/REMOVE:x64\Release\osifWinNTDirectoryCreate.obj
/REMOVE:x64\Release\osifWinNTDirectoryRemove.obj
/REMOVE:x64\Release\osifWinNTEntryPoint.obj
/REMOVE:x64\Release\osifWinNTEntryPointW.obj
/REMOVE:x64\Release\osifWinNTFileClose.obj
/REMOVE:x64\Release\osifWinNTFileDelete.obj
/REMOVE:x64\Release\osifWinNTFileFindAll.obj
/REMOVE:x64\Release\osifWinNTFileOpen.obj
/REMOVE:x64\Release\osifWinNTFileRead.obj
/REMOVE:x64\Release\osifWinNTFileRename.obj
/REMOVE:x64\Release\osifWinNTFileSetPos.obj
/REMOVE:x64\Release\osifWinNTFileGetStatus.obj
/REMOVE:x64\Release\osifWinNTFileWrite.obj
/REMOVE:x64\Release\osifWinNTGetDrvCwd.obj
/REMOVE:x64\Release\osifWinNTGetEnv.obj
/REMOVE:x64\Release\osifWinNTGetTime.obj
/REMOVE:x64\Release\osifWinNTGetTsc.obj
/REMOVE:x64\Release\osifWinNTGetTscPerSec.obj
/REMOVE:x64\Release\osifWinNTMemAlloc.obj
/REMOVE:x64\Release\osifWinNTMemFree.obj
